[2026-08-14T02:47:24.864Z] Failed to fetch https://www.largus.fr/fiche-technique/Alfa-Romeo/Giulietta/I/2012/Berline+5+Portes/14+MultiAir+Sélective+Stop&amp;Start-1014110.html after 3 attempts: Maximum number of redirects exceeded
[2026-08-14T02:48:06.137Z] Failed to fetch https://www.largus.fr/fiche-technique/Alfa-Romeo/Giulietta/I/2012/Berline+5+Portes/14+MultiAir+Sélective+Stop&amp;Start+Alfa+TCT-1039427.html after 3 attempts: Maximum number of redirects exceeded
[2026-08-14T02:48:50.454Z] Failed to fetch https://www.largus.fr/fiche-technique/Alfa-Romeo/Giulietta/I/2012/Berline+5+Portes/16+JTDm+Sélective+Stop&amp;Start-1014109.html after 3 attempts: Maximum number of redirects exceeded
[2026-08-14T02:49:36.984Z] Failed to fetch https://www.largus.fr/fiche-technique/Alfa-Romeo/Giulietta/I/2012/Berline+5+Portes/20+JTDm140+Sélective+Stop&amp;Start-1039428.html after 3 attempts: Maximum number of redirects exceeded
[2026-08-14T02:50:24.142Z] Failed to fetch https://www.largus.fr/fiche-technique/Alfa-Romeo/Giulietta/I/2012/Berline+5+Portes/20+JTDm170+Sélective+Stop&amp;Start-1014111.html after 3 attempts: Maximum number of redirects exceeded
[2026-08-14T02:51:05.504Z] Failed to fetch https://www.largus.fr/fiche-technique/Alfa-Romeo/Giulietta/I/2012/Berline+5+Portes/20+JTDm170+Sélective+Stop&amp;Start+Alfa+TCT-1039430.html after 3 attempts: timeout of 10000ms exceeded
[2026-08-14T02:52:40.981Z] Failed to fetch https://www.largus.fr/fiche-technique/Alfa-Romeo/Giulietta/I/2011/Berline+5+Portes/14+MultiAir+Sélective+Stop&amp;Start-1014110.html after 3 attempts: Maximum number of redirects exceeded
[2026-08-14T02:53:22.219Z] Failed to fetch https://www.largus.fr/fiche-technique/Alfa-Romeo/Giulietta/I/2011/Berline+5+Portes/14+MultiAir+Sélective+Stop&amp;Start+Alfa+TCT-1039427.html after 3 attempts: Maximum number of redirects exceeded
[2026-08-14T02:54:08.795Z] Failed to fetch https://www.largus.fr/fiche-technique/Alfa-Romeo/Giulietta/I/2011/Berline+5+Portes/16+JTDm+Sélective+Stop&amp;Start-1014109.html after 3 attempts: Maximum number of redirects exceeded
[2026-08-14T02:54:58.317Z] Failed to fetch https://www.largus.fr/fiche-technique/Alfa-Romeo/Giulietta/I/2011/Berline+5+Portes/20+JTDm140+Sélective+Stop&amp;Start-1039428.html after 3 attempts: timeout of 10000ms exceeded
[2026-08-14T02:55:45.704Z] Failed to fetch https://www.largus.fr/fiche-technique/Alfa-Romeo/Giulietta/I/2011/Berline+5+Portes/20+JTDm170+Sélective+Stop&amp;Start-1014111.html after 3 attempts: Maximum number of redirects exceeded
[2026-08-14T02:56:26.918Z] Failed to fetch https://www.largus.fr/fiche-technique/Alfa-Romeo/Giulietta/I/2011/Berline+5+Portes/20+JTDm170+Sélective+Stop&amp;Start+Alfa+TCT-1039430.html after 3 attempts: Maximum number of redirects exceeded
[2026-08-14T02:57:31.693Z] Failed to fetch https://www.largus.fr/fiche-technique/Alfa-Romeo/Giulietta/I/2010/Berline+5+Portes/14+MultiAir+Sélective+Stop&amp;Start-1014110.html after 3 attempts: Maximum number of redirects exceeded
[2026-08-14T02:58:12.991Z] Failed to fetch https://www.largus.fr/fiche-technique/Alfa-Romeo/Giulietta/I/2010/Berline+5+Portes/14+MultiAir+Sélective+Stop&amp;Start+Alfa+TCT-1039427.html after 3 attempts: Maximum number of redirects exceeded
[2026-08-14T02:58:56.819Z] Failed to fetch https://www.largus.fr/fiche-technique/Alfa-Romeo/Giulietta/I/2010/Berline+5+Portes/16+JTDm+Sélective+Stop&amp;Start-1014109.html after 3 attempts: Maximum number of redirects exceeded
[2026-08-14T02:59:40.927Z] Failed to fetch https://www.largus.fr/fiche-technique/Alfa-Romeo/Giulietta/I/2010/Berline+5+Portes/20+JTDm140+Sélective+Stop&amp;Start-1039428.html after 3 attempts: Maximum number of redirects exceeded
[2026-08-14T03:00:22.143Z] Failed to fetch https://www.largus.fr/fiche-technique/Alfa-Romeo/Giulietta/I/2010/Berline+5+Portes/20+JTDm170+Sélective+Stop&amp;Start-1014111.html after 3 attempts: Maximum number of redirects exceeded
[2026-08-14T03:18:49.929Z] Failed to fetch https://www.largus.fr/fiche-technique/Alfa-Romeo/Mito/I/2012/Berline+3+Portes/14+TB+MultiAir+QuadrifoglioVerde+SBK+Edition+limitée+Stop&amp;Start-1073348.html after 3 attempts: Maximum number of redirects exceeded
[2026-08-14T03:20:12.508Z] Failed to fetch https://www.largus.fr/fiche-technique/Alfa-Romeo/Mito/I/2011/Berline+3+Portes/14+MPI+MultiAir+Sélective+Stop&amp;Start-1001846.html after 3 attempts: Maximum number of redirects exceeded
[2026-08-14T03:21:01.286Z] Failed to fetch https://www.largus.fr/fiche-technique/Alfa-Romeo/Mito/I/2011/Berline+3+Portes/14+TB+MultiAir+Sélective+Stop&amp;Start-1001849.html after 3 attempts: Maximum number of redirects exceeded
[2026-08-14T03:21:42.537Z] Failed to fetch https://www.largus.fr/fiche-technique/Alfa-Romeo/Mito/I/2011/Berline+3+Portes/14+TB+MultiAir+Sélective+TCT+Stop&amp;Start-1024136.html after 3 attempts: Maximum number of redirects exceeded
[2026-08-14T03:22:35.060Z] Failed to fetch https://www.largus.fr/fiche-technique/Alfa-Romeo/Mito/I/2011/Berline+3+Portes/13+JTDm95+Sélective+Stop&amp;Start-1003567.html after 3 attempts: Maximum number of redirects exceeded
[2026-08-14T03:23:19.110Z] Failed to fetch https://www.largus.fr/fiche-technique/Alfa-Romeo/Mito/I/2011/Berline+3+Portes/16+JTDm120+Sélective+Stop&amp;Start-1024141.html after 3 attempts: Maximum number of redirects exceeded
[2026-08-14T03:24:43.174Z] Failed to fetch https://www.largus.fr/fiche-technique/Alfa-Romeo/Mito/I/2011/Berline+3+Portes/14+TB+MultiAir+QuadrifoglioVerde+SBK+Edition+limitée+Stop&amp;Start-1073348.html after 3 attempts: Maximum number of redirects exceeded
[2026-08-14T03:26:05.985Z] Failed to fetch https://www.largus.fr/fiche-technique/Alfa-Romeo/Mito/I/2010/Berline+3+Portes/14+MPI+MultiAir+Sélective+Stop&amp;Start-1001846.html after 3 attempts: timeout of 10000ms exceeded
[2026-08-14T03:26:59.004Z] Failed to fetch https://www.largus.fr/fiche-technique/Alfa-Romeo/Mito/I/2010/Berline+3+Portes/14+TB+MultiAir+Sélective+Stop&amp;Start-1001849.html after 3 attempts: Maximum number of redirects exceeded
[2026-08-14T03:27:40.305Z] Failed to fetch https://www.largus.fr/fiche-technique/Alfa-Romeo/Mito/I/2010/Berline+3+Portes/14+TB+MultiAir+Sélective+TCT+Stop&amp;Start-1024136.html after 3 attempts: Maximum number of redirects exceeded
[2026-08-14T03:28:25.459Z] Failed to fetch https://www.largus.fr/fiche-technique/Alfa-Romeo/Mito/I/2010/Berline+3+Portes/14+16v+T-jet+155ch+Sélective+Pk+Spt&amp;Cft-1009072.html after 3 attempts: Maximum number of redirects exceeded
[2026-08-14T03:29:20.922Z] Failed to fetch https://www.largus.fr/fiche-technique/Alfa-Romeo/Mito/I/2010/Berline+3+Portes/13+JTDm95+Sélective+Stop&amp;Start-1003567.html after 3 attempts: Maximum number of redirects exceeded
[2026-08-14T03:30:09.033Z] Failed to fetch https://www.largus.fr/fiche-technique/Alfa-Romeo/Mito/I/2010/Berline+3+Portes/16+JTD120+16v+Sélective+Pk+Spt&amp;Cft-1009073.html after 3 attempts: timeout of 10000ms exceeded
[2026-08-14T03:30:50.276Z] Failed to fetch https://www.largus.fr/fiche-technique/Alfa-Romeo/Mito/I/2010/Berline+3+Portes/16+JTDm120+Sélective+Stop&amp;Start-1024141.html after 3 attempts: Maximum number of redirects exceeded
[2026-08-14T03:31:38.176Z] Failed to fetch https://www.largus.fr/fiche-technique/Alfa-Romeo/Mito/I/2009/Berline+3+Portes/14+MPI+MultiAir+Sélective+Stop&amp;Start-1001846.html after 3 attempts: Maximum number of redirects exceeded
[2026-08-14T03:32:26.086Z] Failed to fetch https://www.largus.fr/fiche-technique/Alfa-Romeo/Mito/I/2009/Berline+3+Portes/14+TB+MultiAir+Sélective+Stop&amp;Start-1001849.html after 3 attempts: Maximum number of redirects exceeded
[2026-08-14T03:33:11.619Z] Failed to fetch https://www.largus.fr/fiche-technique/Alfa-Romeo/Mito/I/2009/Berline+3+Portes/14+16v+T-jet+155ch+Sélective+Pk+Spt&amp;Cft-1009072.html after 3 attempts: Maximum number of redirects exceeded
[2026-08-14T03:34:01.843Z] Failed to fetch https://www.largus.fr/fiche-technique/Alfa-Romeo/Mito/I/2009/Berline+3+Portes/13+JTDm95+Sélective+Stop&amp;Start-1003567.html after 3 attempts: timeout of 10000ms exceeded
[2026-08-14T03:34:47.020Z] Failed to fetch https://www.largus.fr/fiche-technique/Alfa-Romeo/Mito/I/2009/Berline+3+Portes/16+JTD120+16v+Sélective+Pk+Spt&amp;Cft-1009073.html after 3 attempts: Maximum number of redirects exceeded
[2026-08-14T03:35:39.614Z] Failed to fetch https://www.largus.fr/fiche-technique/Alfa-Romeo/Mito/I/2008/Berline+3+Portes/14+16v+T-jet+155ch+Sélective+Pk+Spt&amp;Cft-1009072.html after 3 attempts: Maximum number of redirects exceeded
[2026-08-14T03:36:28.129Z] Failed to fetch https://www.largus.fr/fiche-technique/Alfa-Romeo/Mito/I/2008/Berline+3+Portes/16+JTD120+16v+Sélective+Pk+Spt&amp;Cft-1009073.html after 3 attempts: Maximum number of redirects exceeded
[2026-08-17T01:10:02.829Z] Failed to fetch https://www.largus.fr/fiche-technique/Citroen/C3/II/2015/Berline+5+Portes/12+PureTech+Sélection+S&amp;S+ETG5-1351839.html after 3 attempts: Maximum number of redirects exceeded
[2026-08-17T01:10:41.825Z] Failed to fetch https://www.largus.fr/fiche-technique/Citroen/C3/II/2015/Berline+5+Portes/12+PureTech+110ch+Sélection+S&amp;S-1352946.html after 3 attempts: Maximum number of redirects exceeded
[2026-08-17T01:13:42.299Z] Failed to fetch https://www.largus.fr/fiche-technique/Citroen/C3/II/2014/Berline+5+Portes/12+PureTech+Sélection+S&amp;S+ETG5-1351839.html after 3 attempts: Maximum number of redirects exceeded
[2026-08-17T01:14:20.380Z] Failed to fetch https://www.largus.fr/fiche-technique/Citroen/C3/II/2014/Berline+5+Portes/12+PureTech+110ch+Sélection+S&amp;S-1352946.html after 3 attempts: Maximum number of redirects exceeded
[2026-08-17T03:01:07.053Z] Failed to fetch https://www.largus.fr/fiche-technique/Citroen/C4+Picasso/II/2015/Monospace+5+Portes/BlueHDi+100ch+Sélection+S&amp;S-1388260.html after 3 attempts: Maximum number of redirects exceeded
[2026-08-17T03:18:34.047Z] Failed to fetch https://www.largus.fr/fiche-technique/Citroen/Grand+C4+Picasso/II/2015/Monospace+5+Portes/BlueHDi+100ch+Sélection+S&amp;S-1388491.html after 3 attempts: Maximum number of redirects exceeded
[2026-08-17T04:57:07.633Z] Failed to fetch https://www.largus.fr/fiche-technique/Citroen/Ds3/I/2015/Berline+3+Portes/PureTech+110ch+So+Irrésistible+S&amp;S-1356521.html after 3 attempts: Maximum number of redirects exceeded
[2026-08-17T04:57:56.301Z] Failed to fetch https://www.largus.fr/fiche-technique/Citroen/Ds3/I/2015/Berline+3+Portes/THP+165ch+So+irrésistible+S&amp;S-1356522.html after 3 attempts: Maximum number of redirects exceeded
[2026-08-17T05:00:28.614Z] Failed to fetch https://www.largus.fr/fiche-technique/Citroen/Ds3/I/2014/Berline+3+Portes/PureTech+110ch+So+Irrésistible+S&amp;S-1356521.html after 3 attempts: Maximum number of redirects exceeded
[2026-08-17T05:01:24.979Z] Failed to fetch https://www.largus.fr/fiche-technique/Citroen/Ds3/I/2014/Berline+3+Portes/THP+165ch+So+irrésistible+S&amp;S-1356522.html after 3 attempts: Maximum number of redirects exceeded
[2026-08-17T05:27:38.689Z] Failed to fetch https://www.largus.fr/fiche-technique/Citroen/Holidays/I/2026/Combi+5+Portes/22+BlueHDi+180ch+S&amp;S+boîte+automatique-2974278.html after 3 attempts: Maximum number of redirects exceeded
[2026-08-17T05:28:14.830Z] Failed to fetch https://www.largus.fr/fiche-technique/Citroen/Holidays/I/2026/Combi+5+Portes/22+BlueHDi+180ch+S&amp;S+Pack+MAX+boîte+automatique-2974279.html after 3 attempts: Maximum number of redirects exceeded
[2026-08-17T05:28:50.896Z] Failed to fetch https://www.largus.fr/fiche-technique/Citroen/Holidays/I/2026/Combi+5+Portes/22+BlueHDi+180ch+S&amp;S+Type+Holidays+boîte+automatique-3030225.html after 3 attempts: Maximum number of redirects exceeded
[2026-08-17T05:29:41.765Z] Failed to fetch https://www.largus.fr/fiche-technique/Citroen/Holidays/I/2025/Combi+5+Portes/22+BlueHDi+180ch+S&amp;S+boîte+automatique-2974278.html after 3 attempts: Maximum number of redirects exceeded
[2026-08-17T05:30:20.105Z] Failed to fetch https://www.largus.fr/fiche-technique/Citroen/Holidays/I/2025/Combi+5+Portes/22+BlueHDi+180ch+S&amp;S+Pack+MAX+boîte+automatique-2974279.html after 3 attempts: Maximum number of redirects exceeded
[2026-08-17T05:58:41.899Z] Failed to fetch https://www.largus.fr/fiche-technique/Citroen/Nemo/I/2012/Ludospace+5+Portes/13+HDi75+FAP+Confort+S&amp;S+5p-1027101.html after 3 attempts: timeout of 10000ms exceeded
[2026-08-17T06:25:33.644Z] Failed to fetch https://www.largus.fr/fiche-technique/Citroen/Spacetourer/I/2026/Monospace+5+Portes/M+100%+ëlectric+100+kW+(136+ch)+Business+Batterie+49+kWh-2835186.html after 3 attempts: Request failed with status code 400
[2026-08-17T06:25:46.160Z] Failed to fetch https://www.largus.fr/fiche-technique/Citroen/Spacetourer/I/2026/Monospace+5+Portes/M+100%+ëlectric+100+kW+(136+ch)+Business+Batterie+75+kWh-2835187.html after 3 attempts: Request failed with status code 400
[2026-08-17T06:26:00.764Z] Failed to fetch https://www.largus.fr/fiche-technique/Citroen/Spacetourer/I/2026/Monospace+5+Portes/XL+100%+ëlectric+100+kW+(136+ch)+Business+Batterie+49+kWh-2835188.html after 3 attempts: Request failed with status code 400
[2026-08-17T06:26:13.277Z] Failed to fetch https://www.largus.fr/fiche-technique/Citroen/Spacetourer/I/2026/Monospace+5+Portes/XL+100%+ëlectric+100+kW+(136+ch)+Business+Batterie+75+kWh-2835189.html after 3 attempts: Request failed with status code 400
[2026-08-17T06:26:28.129Z] Failed to fetch https://www.largus.fr/fiche-technique/Citroen/Spacetourer/I/2026/Monospace+5+Portes/M+100%+ëlectric+100+kW+(136+ch)+Business+Pack+Batterie+49+kWh-2835190.html after 3 attempts: Request failed with status code 400
[2026-08-17T06:26:40.673Z] Failed to fetch https://www.largus.fr/fiche-technique/Citroen/Spacetourer/I/2026/Monospace+5+Portes/M+100%+ëlectric+100+kW+(136+ch)+Business+Pack+Batterie+75+kWh-2835191.html after 3 attempts: Request failed with status code 400
[2026-08-17T06:26:55.708Z] Failed to fetch https://www.largus.fr/fiche-technique/Citroen/Spacetourer/I/2026/Monospace+5+Portes/XL+100%+ëlectric+100+kW+(136+ch)+Business+Pack+Batterie+49+kWh-2835192.html after 3 attempts: Request failed with status code 400
[2026-08-17T06:27:08.204Z] Failed to fetch https://www.largus.fr/fiche-technique/Citroen/Spacetourer/I/2026/Monospace+5+Portes/XL+100%+ëlectric+100+kW+(136+ch)+Business+Pack+Batterie+75+kWh-2835193.html after 3 attempts: Request failed with status code 400
[2026-08-17T06:27:27.445Z] Failed to fetch https://www.largus.fr/fiche-technique/Citroen/Spacetourer/I/2025/Monospace+5+Portes/M+100%+ëlectric+100+kW+(136+ch)+Business+Batterie+49+kWh-2835186.html after 3 attempts: Request failed with status code 400
[2026-08-17T06:27:39.807Z] Failed to fetch https://www.largus.fr/fiche-technique/Citroen/Spacetourer/I/2025/Monospace+5+Portes/M+100%+ëlectric+100+kW+(136+ch)+Business+Batterie+75+kWh-2835187.html after 3 attempts: Request failed with status code 400
[2026-08-17T06:27:54.814Z] Failed to fetch https://www.largus.fr/fiche-technique/Citroen/Spacetourer/I/2025/Monospace+5+Portes/XL+100%+ëlectric+100+kW+(136+ch)+Business+Batterie+49+kWh-2835188.html after 3 attempts: Request failed with status code 400
[2026-08-17T06:28:09.648Z] Failed to fetch https://www.largus.fr/fiche-technique/Citroen/Spacetourer/I/2025/Monospace+5+Portes/XL+100%+ëlectric+100+kW+(136+ch)+Business+Batterie+75+kWh-2835189.html after 3 attempts: Request failed with status code 400
[2026-08-17T06:28:24.844Z] Failed to fetch https://www.largus.fr/fiche-technique/Citroen/Spacetourer/I/2025/Monospace+5+Portes/M+100%+ëlectric+100+kW+(136+ch)+Business+Pack+Batterie+49+kWh-2835190.html after 3 attempts: Request failed with status code 400
[2026-08-17T06:28:47.705Z] Failed to fetch https://www.largus.fr/fiche-technique/Citroen/Spacetourer/I/2025/Monospace+5+Portes/M+100%+ëlectric+100+kW+(136+ch)+Business+Pack+Batterie+75+kWh-2835191.html after 3 attempts: timeout of 10000ms exceeded
[2026-08-17T06:29:29.229Z] Failed to fetch https://www.largus.fr/fiche-technique/Citroen/Spacetourer/I/2025/Monospace+5+Portes/M+20+BlueHDi+180ch+S&amp;S+EAT8+Business+Pack-2846623.html after 3 attempts: timeout of 10000ms exceeded
[2026-08-17T06:30:10.760Z] Failed to fetch https://www.largus.fr/fiche-technique/Citroen/Spacetourer/I/2025/Monospace+5+Portes/XL+22+Diesel+180ch+S&amp;S+EAT8+Business+Pack-2966015.html after 3 attempts: timeout of 10000ms exceeded
[2026-08-17T06:30:44.139Z] Failed to fetch https://www.largus.fr/fiche-technique/Citroen/Spacetourer/I/2025/Monospace+5+Portes/XL+100%+ëlectric+100+kW+(136+ch)+Business+Pack+Batterie+49+kWh-2835192.html after 3 attempts: Request failed with status code 400
[2026-08-17T06:31:15.782Z] Failed to fetch https://www.largus.fr/fiche-technique/Citroen/Spacetourer/I/2025/Monospace+5+Portes/XL+100%+ëlectric+100+kW+(136+ch)+Business+Pack+Batterie+75+kWh-2835193.html after 3 attempts: timeout of 10000ms exceeded
[2026-08-17T06:31:57.310Z] Failed to fetch https://www.largus.fr/fiche-technique/Citroen/Spacetourer/I/2025/Monospace+5+Portes/XL+20+BlueHDi+180ch+S&amp;S+EAT8+Business+Pack-2846624.html after 3 attempts: timeout of 10000ms exceeded
[2026-08-17T06:32:30.166Z] Failed to fetch https://www.largus.fr/fiche-technique/Citroen/Spacetourer/I/2024/Monospace+5+Portes/M+100%+ëlectric+100+kW+(136+ch)+Business+Batterie+50+kWh-2706194.html after 3 attempts: Request failed with status code 400
[2026-08-17T06:32:42.568Z] Failed to fetch https://www.largus.fr/fiche-technique/Citroen/Spacetourer/I/2024/Monospace+5+Portes/M+100%+ëlectric+100+kW+(136+ch)+Business+Batterie+75+kWh-2707190.html after 3 attempts: Request failed with status code 400
[2026-08-17T06:32:54.918Z] Failed to fetch https://www.largus.fr/fiche-technique/Citroen/Spacetourer/I/2024/Monospace+5+Portes/XL+100%+ëlectric+100+kW+(136+ch)+Business+Batterie+50+kWh-2707191.html after 3 attempts: Request failed with status code 400
[2026-08-17T06:33:07.288Z] Failed to fetch https://www.largus.fr/fiche-technique/Citroen/Spacetourer/I/2024/Monospace+5+Portes/XL+100%+ëlectric+100+kW+(136+ch)+Business+Batterie+75+kWh-2707192.html after 3 attempts: Request failed with status code 400
[2026-08-17T06:33:19.640Z] Failed to fetch https://www.largus.fr/fiche-technique/Citroen/Spacetourer/I/2024/Monospace+5+Portes/M+100%+ëlectric+100+kW+(136+ch)+Business+Pack+Batterie+50+kWh-2707193.html after 3 attempts: Request failed with status code 400
[2026-08-17T06:33:32.015Z] Failed to fetch https://www.largus.fr/fiche-technique/Citroen/Spacetourer/I/2024/Monospace+5+Portes/M+100%+ëlectric+100+kW+(136+ch)+Business+Pack+Batterie+75+kWh-2707194.html after 3 attempts: Request failed with status code 400
[2026-08-17T06:33:44.421Z] Failed to fetch https://www.largus.fr/fiche-technique/Citroen/Spacetourer/I/2024/Monospace+5+Portes/XL+100%+ëlectric+100+kW+(136+ch)+Business+Pack+Batterie+50+kWh-2707195.html after 3 attempts: Request failed with status code 400
[2026-08-17T06:33:56.954Z] Failed to fetch https://www.largus.fr/fiche-technique/Citroen/Spacetourer/I/2024/Monospace+5+Portes/XL+100%+ëlectric+100+kW+(136+ch)+Business+Pack+Batterie+75+kWh-2707196.html after 3 attempts: Request failed with status code 400
[2026-08-17T06:34:11.640Z] Failed to fetch https://www.largus.fr/fiche-technique/Citroen/Spacetourer/I/2024/Monospace+5+Portes/M+100%+ëlectric+100+kW+(136+ch)+Business+Batterie+49+kWh-2835186.html after 3 attempts: Request failed with status code 400
[2026-08-17T06:34:24.125Z] Failed to fetch https://www.largus.fr/fiche-technique/Citroen/Spacetourer/I/2024/Monospace+5+Portes/M+100%+ëlectric+100+kW+(136+ch)+Business+Batterie+75+kWh-2835187.html after 3 attempts: Request failed with status code 400
[2026-08-17T06:34:36.474Z] Failed to fetch https://www.largus.fr/fiche-technique/Citroen/Spacetourer/I/2024/Monospace+5+Portes/XL+100%+ëlectric+100+kW+(136+ch)+Business+Batterie+49+kWh-2835188.html after 3 attempts: Request failed with status code 400
[2026-08-17T06:34:51.161Z] Failed to fetch https://www.largus.fr/fiche-technique/Citroen/Spacetourer/I/2024/Monospace+5+Portes/XL+100%+ëlectric+100+kW+(136+ch)+Business+Batterie+75+kWh-2835189.html after 3 attempts: Request failed with status code 400
[2026-08-17T06:35:03.668Z] Failed to fetch https://www.largus.fr/fiche-technique/Citroen/Spacetourer/I/2024/Monospace+5+Portes/M+100%+ëlectric+100+kW+(136+ch)+Business+Pack+Batterie+49+kWh-2835190.html after 3 attempts: Request failed with status code 400
[2026-08-17T06:35:16.091Z] Failed to fetch https://www.largus.fr/fiche-technique/Citroen/Spacetourer/I/2024/Monospace+5+Portes/M+100%+ëlectric+100+kW+(136+ch)+Business+Pack+Batterie+75+kWh-2835191.html after 3 attempts: Request failed with status code 400
[2026-08-17T06:35:30.839Z] Failed to fetch https://www.largus.fr/fiche-technique/Citroen/Spacetourer/I/2024/Monospace+5+Portes/XL+100%+ëlectric+100+kW+(136+ch)+Business+Pack+Batterie+49+kWh-2835192.html after 3 attempts: Request failed with status code 400
[2026-08-17T06:35:43.190Z] Failed to fetch https://www.largus.fr/fiche-technique/Citroen/Spacetourer/I/2024/Monospace+5+Portes/XL+100%+ëlectric+100+kW+(136+ch)+Business+Pack+Batterie+75+kWh-2835193.html after 3 attempts: Request failed with status code 400
[2026-08-17T06:35:59.845Z] Failed to fetch https://www.largus.fr/fiche-technique/Citroen/Spacetourer/I/2023/Monospace+5+Portes/M+100%+ëlectric+100+kW+(136+ch)+Business+Batterie+50+kWh-2706194.html after 3 attempts: Request failed with status code 400
[2026-08-17T06:36:12.354Z] Failed to fetch https://www.largus.fr/fiche-technique/Citroen/Spacetourer/I/2023/Monospace+5+Portes/M+100%+ëlectric+100+kW+(136+ch)+Business+Batterie+75+kWh-2707190.html after 3 attempts: Request failed with status code 400
[2026-08-17T06:36:24.841Z] Failed to fetch https://www.largus.fr/fiche-technique/Citroen/Spacetourer/I/2023/Monospace+5+Portes/XL+100%+ëlectric+100+kW+(136+ch)+Business+Batterie+50+kWh-2707191.html after 3 attempts: Request failed with status code 400
[2026-08-17T06:36:37.238Z] Failed to fetch https://www.largus.fr/fiche-technique/Citroen/Spacetourer/I/2023/Monospace+5+Portes/XL+100%+ëlectric+100+kW+(136+ch)+Business+Batterie+75+kWh-2707192.html after 3 attempts: Request failed with status code 400
[2026-08-17T06:36:49.612Z] Failed to fetch https://www.largus.fr/fiche-technique/Citroen/Spacetourer/I/2023/Monospace+5+Portes/M+100%+ëlectric+100+kW+(136+ch)+Business+Pack+Batterie+50+kWh-2707193.html after 3 attempts: Request failed with status code 400
[2026-08-17T06:37:01.991Z] Failed to fetch https://www.largus.fr/fiche-technique/Citroen/Spacetourer/I/2023/Monospace+5+Portes/M+100%+ëlectric+100+kW+(136+ch)+Business+Pack+Batterie+75+kWh-2707194.html after 3 attempts: Request failed with status code 400
[2026-08-17T06:37:14.377Z] Failed to fetch https://www.largus.fr/fiche-technique/Citroen/Spacetourer/I/2023/Monospace+5+Portes/XL+100%+ëlectric+100+kW+(136+ch)+Business+Pack+Batterie+50+kWh-2707195.html after 3 attempts: Request failed with status code 400
[2026-08-17T06:37:26.767Z] Failed to fetch https://www.largus.fr/fiche-technique/Citroen/Spacetourer/I/2023/Monospace+5+Portes/XL+100%+ëlectric+100+kW+(136+ch)+Business+Pack+Batterie+75+kWh-2707196.html after 3 attempts: Request failed with status code 400
[2026-08-17T06:37:41.473Z] Failed to fetch https://www.largus.fr/fiche-technique/Citroen/Spacetourer/I/2022/Monospace+4+Portes/M+100%+ëlectric+100+kW+(136+ch)+Feel+Batterie+50+kWh-2290460.html after 3 attempts: Request failed with status code 400
[2026-08-17T06:37:59.344Z] Failed to fetch https://www.largus.fr/fiche-technique/Citroen/Spacetourer/I/2022/Monospace+4+Portes/M+100%+ëlectric+100+kW+(136+ch)+Feel+Batterie+75+kWh-2321146.html after 3 attempts: Request failed with status code 400
[2026-08-17T06:38:14.167Z] Failed to fetch https://www.largus.fr/fiche-technique/Citroen/Spacetourer/I/2022/Monospace+4+Portes/XL+100%+ëlectric+100+kW+(136+ch)+Feel+Batterie+50+kWh-2290463.html after 3 attempts: Request failed with status code 400
[2026-08-17T06:38:29.352Z] Failed to fetch https://www.largus.fr/fiche-technique/Citroen/Spacetourer/I/2022/Monospace+4+Portes/XL+100%+ëlectric+100+kW+(136+ch)+Feel+Batterie+75+kWh-2321147.html after 3 attempts: Request failed with status code 400
[2026-08-17T06:38:44.399Z] Failed to fetch https://www.largus.fr/fiche-technique/Citroen/Spacetourer/I/2022/Monospace+5+Portes/M+100%+ëlectric+100+kW+(136+ch)+Shine+Batterie+50+kWh-2290464.html after 3 attempts: Request failed with status code 400
[2026-08-17T06:38:56.771Z] Failed to fetch https://www.largus.fr/fiche-technique/Citroen/Spacetourer/I/2022/Monospace+5+Portes/M+100%+ëlectric+100+kW+(136+ch)+Shine+Batterie+75+kWh-2321148.html after 3 attempts: Request failed with status code 400
[2026-08-17T06:39:09.267Z] Failed to fetch https://www.largus.fr/fiche-technique/Citroen/Spacetourer/I/2022/Monospace+5+Portes/XL+100%+ëlectric+100+kW+(136+ch)+Shine+Batterie+50+kWh-2290461.html after 3 attempts: Request failed with status code 400
[2026-08-17T06:39:21.769Z] Failed to fetch https://www.largus.fr/fiche-technique/Citroen/Spacetourer/I/2022/Monospace+5+Portes/XL+100%+ëlectric+100+kW+(136+ch)+Shine+Batterie+75+kWh-2321149.html after 3 attempts: Request failed with status code 400
[2026-08-17T06:39:34.156Z] Failed to fetch https://www.largus.fr/fiche-technique/Citroen/Spacetourer/I/2022/Monospace+5+Portes/M+100%+ëlectric+100+kW+(136+ch)+Business+Batterie+50+kWh-2290462.html after 3 attempts: Request failed with status code 400
[2026-08-17T06:39:48.876Z] Failed to fetch https://www.largus.fr/fiche-technique/Citroen/Spacetourer/I/2022/Monospace+5+Portes/M+100%+ëlectric+100+kW+(136+ch)+Business+Batterie+75+kWh-2321150.html after 3 attempts: Request failed with status code 400
[2026-08-17T06:40:03.692Z] Failed to fetch https://www.largus.fr/fiche-technique/Citroen/Spacetourer/I/2022/Monospace+4+Portes/XL+100%+ëlectric+100+kW+(136+ch)+Business+Batterie+50+kWh-2290465.html after 3 attempts: Request failed with status code 400
[2026-08-17T06:40:16.083Z] Failed to fetch https://www.largus.fr/fiche-technique/Citroen/Spacetourer/I/2022/Monospace+4+Portes/XL+100%+ëlectric+100+kW+(136+ch)+Business+Batterie+75+kWh-2321151.html after 3 attempts: Request failed with status code 400
[2026-08-17T06:40:28.438Z] Failed to fetch https://www.largus.fr/fiche-technique/Citroen/Spacetourer/I/2022/Monospace+5+Portes/M+100%+ëlectric+100+kW+(136+ch)+Business+Lounge+Batterie+50+kWh-2290466.html after 3 attempts: Request failed with status code 400
[2026-08-17T06:40:40.809Z] Failed to fetch https://www.largus.fr/fiche-technique/Citroen/Spacetourer/I/2022/Monospace+5+Portes/M+100%+ëlectric+100+kW+(136+ch)+Business+Lounge+Batterie+75+kWh-2321152.html after 3 attempts: Request failed with status code 400
[2026-08-17T06:40:53.178Z] Failed to fetch https://www.largus.fr/fiche-technique/Citroen/Spacetourer/I/2022/Monospace+5+Portes/XL+100%+ëlectric+100+kW+(136+ch)+Business+Lounge+Batterie+50+kWh-2290467.html after 3 attempts: Request failed with status code 400
[2026-08-17T06:41:08.455Z] Failed to fetch https://www.largus.fr/fiche-technique/Citroen/Spacetourer/I/2022/Monospace+5+Portes/XL+100%+ëlectric+100+kW+(136+ch)+Business+Lounge+Batterie+75+kWh-2321153.html after 3 attempts: Request failed with status code 400
[2026-08-17T06:41:34.195Z] Failed to fetch https://www.largus.fr/fiche-technique/Citroen/Spacetourer/I/2022/Monospace+5+Portes/M+100%+ëlectric+100+kW+(136+ch)+Business+Batterie+50+kWh-2706194.html after 3 attempts: Request failed with status code 400
[2026-08-17T06:41:46.587Z] Failed to fetch https://www.largus.fr/fiche-technique/Citroen/Spacetourer/I/2022/Monospace+5+Portes/M+100%+ëlectric+100+kW+(136+ch)+Business+Batterie+75+kWh-2707190.html after 3 attempts: Request failed with status code 400
[2026-08-17T06:41:59.114Z] Failed to fetch https://www.largus.fr/fiche-technique/Citroen/Spacetourer/I/2022/Monospace+5+Portes/XL+100%+ëlectric+100+kW+(136+ch)+Business+Batterie+50+kWh-2707191.html after 3 attempts: Request failed with status code 400
[2026-08-17T06:42:11.656Z] Failed to fetch https://www.largus.fr/fiche-technique/Citroen/Spacetourer/I/2022/Monospace+5+Portes/XL+100%+ëlectric+100+kW+(136+ch)+Business+Batterie+75+kWh-2707192.html after 3 attempts: Request failed with status code 400
[2026-08-17T06:42:24.078Z] Failed to fetch https://www.largus.fr/fiche-technique/Citroen/Spacetourer/I/2022/Monospace+5+Portes/M+100%+ëlectric+100+kW+(136+ch)+Business+Pack+Batterie+50+kWh-2707193.html after 3 attempts: Request failed with status code 400
[2026-08-17T06:42:36.459Z] Failed to fetch https://www.largus.fr/fiche-technique/Citroen/Spacetourer/I/2022/Monospace+5+Portes/M+100%+ëlectric+100+kW+(136+ch)+Business+Pack+Batterie+75+kWh-2707194.html after 3 attempts: Request failed with status code 400
[2026-08-17T06:42:48.855Z] Failed to fetch https://www.largus.fr/fiche-technique/Citroen/Spacetourer/I/2022/Monospace+5+Portes/XL+100%+ëlectric+100+kW+(136+ch)+Business+Pack+Batterie+50+kWh-2707195.html after 3 attempts: Request failed with status code 400
[2026-08-17T06:43:01.239Z] Failed to fetch https://www.largus.fr/fiche-technique/Citroen/Spacetourer/I/2022/Monospace+5+Portes/XL+100%+ëlectric+100+kW+(136+ch)+Business+Pack+Batterie+75+kWh-2707196.html after 3 attempts: Request failed with status code 400
[2026-08-17T06:43:15.350Z] Failed to fetch https://www.largus.fr/fiche-technique/Citroen/Spacetourer/I/2021/Monospace+4+Portes/M+100%+ëlectric+100+kW+(136+ch)+Feel+Batterie+50+kWh-2290460.html after 3 attempts: Request failed with status code 400
[2026-08-17T06:43:32.711Z] Failed to fetch https://www.largus.fr/fiche-technique/Citroen/Spacetourer/I/2021/Monospace+4+Portes/M+100%+ëlectric+100+kW+(136+ch)+Feel+Batterie+75+kWh-2321146.html after 3 attempts: Request failed with status code 400
[2026-08-17T06:43:47.555Z] Failed to fetch https://www.largus.fr/fiche-technique/Citroen/Spacetourer/I/2021/Monospace+4+Portes/XL+100%+ëlectric+100+kW+(136+ch)+Feel+Batterie+50+kWh-2290463.html after 3 attempts: Request failed with status code 400
[2026-08-17T06:44:02.464Z] Failed to fetch https://www.largus.fr/fiche-technique/Citroen/Spacetourer/I/2021/Monospace+4+Portes/XL+100%+ëlectric+100+kW+(136+ch)+Feel+Batterie+75+kWh-2321147.html after 3 attempts: Request failed with status code 400
[2026-08-17T06:44:17.199Z] Failed to fetch https://www.largus.fr/fiche-technique/Citroen/Spacetourer/I/2021/Monospace+5+Portes/M+100%+ëlectric+100+kW+(136+ch)+Shine+Batterie+50+kWh-2290464.html after 3 attempts: Request failed with status code 400
[2026-08-17T06:44:29.715Z] Failed to fetch https://www.largus.fr/fiche-technique/Citroen/Spacetourer/I/2021/Monospace+5+Portes/M+100%+ëlectric+100+kW+(136+ch)+Shine+Batterie+75+kWh-2321148.html after 3 attempts: Request failed with status code 400
[2026-08-17T06:44:42.152Z] Failed to fetch https://www.largus.fr/fiche-technique/Citroen/Spacetourer/I/2021/Monospace+5+Portes/XL+100%+ëlectric+100+kW+(136+ch)+Shine+Batterie+50+kWh-2290461.html after 3 attempts: Request failed with status code 400
[2026-08-17T06:44:54.544Z] Failed to fetch https://www.largus.fr/fiche-technique/Citroen/Spacetourer/I/2021/Monospace+5+Portes/XL+100%+ëlectric+100+kW+(136+ch)+Shine+Batterie+75+kWh-2321149.html after 3 attempts: Request failed with status code 400
[2026-08-17T06:45:06.888Z] Failed to fetch https://www.largus.fr/fiche-technique/Citroen/Spacetourer/I/2021/Monospace+5+Portes/M+100%+ëlectric+100+kW+(136+ch)+Business+Batterie+50+kWh-2290462.html after 3 attempts: Request failed with status code 400
[2026-08-17T06:45:22.208Z] Failed to fetch https://www.largus.fr/fiche-technique/Citroen/Spacetourer/I/2021/Monospace+5+Portes/M+100%+ëlectric+100+kW+(136+ch)+Business+Batterie+75+kWh-2321150.html after 3 attempts: Request failed with status code 400
[2026-08-17T06:45:36.970Z] Failed to fetch https://www.largus.fr/fiche-technique/Citroen/Spacetourer/I/2021/Monospace+4+Portes/XL+100%+ëlectric+100+kW+(136+ch)+Business+Batterie+50+kWh-2290465.html after 3 attempts: Request failed with status code 400
[2026-08-17T06:45:49.438Z] Failed to fetch https://www.largus.fr/fiche-technique/Citroen/Spacetourer/I/2021/Monospace+4+Portes/XL+100%+ëlectric+100+kW+(136+ch)+Business+Batterie+75+kWh-2321151.html after 3 attempts: Request failed with status code 400
[2026-08-17T06:46:01.915Z] Failed to fetch https://www.largus.fr/fiche-technique/Citroen/Spacetourer/I/2021/Monospace+5+Portes/M+100%+ëlectric+100+kW+(136+ch)+Business+Lounge+Batterie+50+kWh-2290466.html after 3 attempts: Request failed with status code 400
[2026-08-17T06:46:14.513Z] Failed to fetch https://www.largus.fr/fiche-technique/Citroen/Spacetourer/I/2021/Monospace+5+Portes/M+100%+ëlectric+100+kW+(136+ch)+Business+Lounge+Batterie+75+kWh-2321152.html after 3 attempts: Request failed with status code 400
[2026-08-17T06:46:27.108Z] Failed to fetch https://www.largus.fr/fiche-technique/Citroen/Spacetourer/I/2021/Monospace+5+Portes/XL+100%+ëlectric+100+kW+(136+ch)+Business+Lounge+Batterie+50+kWh-2290467.html after 3 attempts: Request failed with status code 400
[2026-08-17T06:46:42.652Z] Failed to fetch https://www.largus.fr/fiche-technique/Citroen/Spacetourer/I/2021/Monospace+5+Portes/XL+100%+ëlectric+100+kW+(136+ch)+Business+Lounge+Batterie+75+kWh-2321153.html after 3 attempts: Request failed with status code 400
[2026-08-17T06:47:29.939Z] Failed to fetch https://www.largus.fr/fiche-technique/Citroen/Spacetourer/I/2021/Monospace+4+Portes/XS+100%+ëlectric+100+kW+(136+ch)+Feel+Batterie+50+kWh-2321145.html after 3 attempts: Request failed with status code 400
[2026-08-17T06:47:56.691Z] Failed to fetch https://www.largus.fr/fiche-technique/Citroen/Spacetourer/I/2020/Monospace+4+Portes/M+100%+ëlectric+100+kW+(136+ch)+Feel+Batterie+50+kWh-2290460.html after 3 attempts: Request failed with status code 400
[2026-08-17T06:48:13.981Z] Failed to fetch https://www.largus.fr/fiche-technique/Citroen/Spacetourer/I/2020/Monospace+4+Portes/M+100%+ëlectric+100+kW+(136+ch)+Feel+Batterie+75+kWh-2321146.html after 3 attempts: Request failed with status code 400
[2026-08-17T06:48:28.732Z] Failed to fetch https://www.largus.fr/fiche-technique/Citroen/Spacetourer/I/2020/Monospace+4+Portes/XL+100%+ëlectric+100+kW+(136+ch)+Feel+Batterie+50+kWh-2290463.html after 3 attempts: Request failed with status code 400
[2026-08-17T06:48:43.747Z] Failed to fetch https://www.largus.fr/fiche-technique/Citroen/Spacetourer/I/2020/Monospace+4+Portes/XL+100%+ëlectric+100+kW+(136+ch)+Feel+Batterie+75+kWh-2321147.html after 3 attempts: Request failed with status code 400
[2026-08-17T06:48:58.553Z] Failed to fetch https://www.largus.fr/fiche-technique/Citroen/Spacetourer/I/2020/Monospace+5+Portes/M+100%+ëlectric+100+kW+(136+ch)+Shine+Batterie+50+kWh-2290464.html after 3 attempts: Request failed with status code 400
[2026-08-17T06:49:10.898Z] Failed to fetch https://www.largus.fr/fiche-technique/Citroen/Spacetourer/I/2020/Monospace+5+Portes/M+100%+ëlectric+100+kW+(136+ch)+Shine+Batterie+75+kWh-2321148.html after 3 attempts: Request failed with status code 400
[2026-08-17T06:49:23.276Z] Failed to fetch https://www.largus.fr/fiche-technique/Citroen/Spacetourer/I/2020/Monospace+5+Portes/XL+100%+ëlectric+100+kW+(136+ch)+Shine+Batterie+50+kWh-2290461.html after 3 attempts: Request failed with status code 400
[2026-08-17T06:49:35.609Z] Failed to fetch https://www.largus.fr/fiche-technique/Citroen/Spacetourer/I/2020/Monospace+5+Portes/XL+100%+ëlectric+100+kW+(136+ch)+Shine+Batterie+75+kWh-2321149.html after 3 attempts: Request failed with status code 400
[2026-08-17T06:49:47.983Z] Failed to fetch https://www.largus.fr/fiche-technique/Citroen/Spacetourer/I/2020/Monospace+5+Portes/M+100%+ëlectric+100+kW+(136+ch)+Business+Batterie+50+kWh-2290462.html after 3 attempts: Request failed with status code 400
[2026-08-17T06:50:03.217Z] Failed to fetch https://www.largus.fr/fiche-technique/Citroen/Spacetourer/I/2020/Monospace+5+Portes/M+100%+ëlectric+100+kW+(136+ch)+Business+Batterie+75+kWh-2321150.html after 3 attempts: Request failed with status code 400
[2026-08-17T06:50:18.028Z] Failed to fetch https://www.largus.fr/fiche-technique/Citroen/Spacetourer/I/2020/Monospace+4+Portes/XL+100%+ëlectric+100+kW+(136+ch)+Business+Batterie+50+kWh-2290465.html after 3 attempts: Request failed with status code 400
[2026-08-17T06:50:30.396Z] Failed to fetch https://www.largus.fr/fiche-technique/Citroen/Spacetourer/I/2020/Monospace+4+Portes/XL+100%+ëlectric+100+kW+(136+ch)+Business+Batterie+75+kWh-2321151.html after 3 attempts: Request failed with status code 400
[2026-08-17T06:50:42.925Z] Failed to fetch https://www.largus.fr/fiche-technique/Citroen/Spacetourer/I/2020/Monospace+5+Portes/M+100%+ëlectric+100+kW+(136+ch)+Business+Lounge+Batterie+50+kWh-2290466.html after 3 attempts: Request failed with status code 400
[2026-08-17T06:50:55.364Z] Failed to fetch https://www.largus.fr/fiche-technique/Citroen/Spacetourer/I/2020/Monospace+5+Portes/M+100%+ëlectric+100+kW+(136+ch)+Business+Lounge+Batterie+75+kWh-2321152.html after 3 attempts: Request failed with status code 400
[2026-08-17T06:51:07.703Z] Failed to fetch https://www.largus.fr/fiche-technique/Citroen/Spacetourer/I/2020/Monospace+5+Portes/XL+100%+ëlectric+100+kW+(136+ch)+Business+Lounge+Batterie+50+kWh-2290467.html after 3 attempts: Request failed with status code 400
[2026-08-17T06:51:22.579Z] Failed to fetch https://www.largus.fr/fiche-technique/Citroen/Spacetourer/I/2020/Monospace+5+Portes/XL+100%+ëlectric+100+kW+(136+ch)+Business+Lounge+Batterie+75+kWh-2321153.html after 3 attempts: Request failed with status code 400
[2026-08-17T06:53:45.318Z] Failed to fetch https://www.largus.fr/fiche-technique/Citroen/Spacetourer/I/2020/Monospace+4+Portes/XS+100%+ëlectric+100+kW+(136+ch)+Feel+Batterie+50+kWh-2321145.html after 3 attempts: Request failed with status code 400
[2026-08-17T07:01:41.296Z] Failed to fetch https://www.largus.fr/fiche-technique/Citroen/Spacetourer/I/2017/Monospace+5+Portes/XL+BlueHDi+115ch+Shine+S&amp;S-1547909.html after 3 attempts: timeout of 10000ms exceeded
[2026-08-17T07:02:22.828Z] Failed to fetch https://www.largus.fr/fiche-technique/Citroen/Spacetourer/I/2017/Monospace+5+Portes/M+BlueHDi+150ch+Shine+S&amp;S-1547907.html after 3 attempts: timeout of 10000ms exceeded
[2026-08-17T07:02:54.622Z] Failed to fetch https://www.largus.fr/fiche-technique/Citroen/Spacetourer/I/2017/Monospace+5+Portes/XL+BlueHDi+150ch+Shine+S&amp;S-1547910.html after 3 attempts: timeout of 10000ms exceeded
[2026-08-17T07:03:36.154Z] Failed to fetch https://www.largus.fr/fiche-technique/Citroen/Spacetourer/I/2017/Monospace+5+Portes/M+BlueHDi+150ch+Business+Lounge+S&amp;S-1547918.html after 3 attempts: timeout of 10000ms exceeded
[2026-08-17T07:04:17.684Z] Failed to fetch https://www.largus.fr/fiche-technique/Citroen/Spacetourer/I/2017/Monospace+5+Portes/XL+BlueHDi+150ch+Business+Lounge+S&amp;S-1547920.html after 3 attempts: timeout of 10000ms exceeded
